named: option '-U' has been removed
12-Sep-2026 17:04:35.122 starting BIND 9.20.27 (Stable Release) <id:74d0754>
12-Sep-2026 17:04:35.122 running on Linux aarch64 6.12.76-linuxkit #1 SMP Sun Mar  8 14:41:59 UTC 2026 (Ubuntu 24.04.5 LTS)
12-Sep-2026 17:04:35.122 built with  '--disable-maintainer-mode' '--with-cmocka=yes' '--enable-dnstap' '--enable-fixed-rrset' '--with-libidn2=yes' '--with-json-c=yes' '--with-libxml2=yes' '--with-libnghttp2=yes'
12-Sep-2026 17:04:35.122 running as: named -g -n 2 -U 2 -c /results/named.conf
12-Sep-2026 17:04:35.122 compiled by GCC 13.3.0
12-Sep-2026 17:04:35.122 compiled with OpenSSL version: OpenSSL 3.0.13 30 Jan 2024
12-Sep-2026 17:04:35.122 linked to OpenSSL version: OpenSSL 3.0.13 30 Jan 2024
12-Sep-2026 17:04:35.122 compiled with libuv version: 1.48.0
12-Sep-2026 17:04:35.122 linked to libuv version: 1.48.0
12-Sep-2026 17:04:35.122 compiled with liburcu version: 0.14.0
12-Sep-2026 17:04:35.122 compiled with jemalloc version: 5.3.0
12-Sep-2026 17:04:35.122 compiled with libnghttp2 version: 1.59.0
12-Sep-2026 17:04:35.122 linked to libnghttp2 version: 1.59.0
12-Sep-2026 17:04:35.123 compiled with libxml2 version: 2.9.14
12-Sep-2026 17:04:35.123 linked to libxml2 version: 20914
12-Sep-2026 17:04:35.123 compiled with json-c version: 0.17
12-Sep-2026 17:04:35.123 linked to json-c version: 0.17
12-Sep-2026 17:04:35.123 compiled with zlib version: 1.3
12-Sep-2026 17:04:35.123 linked to zlib version: 1.3
12-Sep-2026 17:04:35.123 linked to maxminddb version: 1.9.1
12-Sep-2026 17:04:35.123 compiled with protobuf-c version: 1.4.1
12-Sep-2026 17:04:35.123 linked to protobuf-c version: 1.4.1
12-Sep-2026 17:04:35.123 ----------------------------------------------------
12-Sep-2026 17:04:35.123 BIND 9 is maintained by Internet Systems Consortium,
12-Sep-2026 17:04:35.123 Inc. (ISC), a non-profit 501(c)(3) public-benefit 
12-Sep-2026 17:04:35.123 corporation.  Support and training for BIND 9 are 
12-Sep-2026 17:04:35.123 available at https://www.isc.org/support
12-Sep-2026 17:04:35.123 ----------------------------------------------------
12-Sep-2026 17:04:35.123 the limit on open files is already at the maximum allowed value: 1048576
12-Sep-2026 17:04:35.123 found 2 CPUs, using 2 worker threads
12-Sep-2026 17:04:35.125 DNSSEC algorithms: RSASHA1 NSEC3RSASHA1 RSASHA256 RSASHA512 ECDSAP256SHA256 ECDSAP384SHA384 ED25519 ED448
12-Sep-2026 17:04:35.125 DS algorithms: SHA-1 SHA-256 SHA-384
12-Sep-2026 17:04:35.125 HMAC algorithms: HMAC-MD5 HMAC-SHA1 HMAC-SHA224 HMAC-SHA256 HMAC-SHA384 HMAC-SHA512
12-Sep-2026 17:04:35.126 TKEY mode 2 support (Diffie-Hellman): no
12-Sep-2026 17:04:35.126 TKEY mode 3 support (GSS-API): yes
12-Sep-2026 17:04:35.130 the initial working directory is '/src'
12-Sep-2026 17:04:35.130 loading configuration from '/results/named.conf'
12-Sep-2026 17:04:35.130 the working directory is now '/results'
12-Sep-2026 17:04:35.131 looking for GeoIP2 databases in '/usr/share/GeoIP'
12-Sep-2026 17:04:35.131 using default UDP/IPv4 port range: [32768, 60999]
12-Sep-2026 17:04:35.131 using default UDP/IPv6 port range: [32768, 60999]
12-Sep-2026 17:04:35.132 listening on IPv4 interface lo, 127.0.0.1#5300
12-Sep-2026 17:04:35.132 Disabling periodic interface re-scans timer
12-Sep-2026 17:04:35.132 generating session key for dynamic DNS
12-Sep-2026 17:04:35.134 not using config file logging statement for logging due to -g option
12-Sep-2026 17:04:35.150 zone bench.test/IN: loaded serial 1
12-Sep-2026 17:04:35.150 all zones loaded
12-Sep-2026 17:04:35.150 FIPS mode is disabled
12-Sep-2026 17:04:35.150 running
12-Sep-2026 17:08:58.138 no longer listening on 127.0.0.1#5300
12-Sep-2026 17:08:58.138 shutting down
12-Sep-2026 17:08:58.165 exiting
